// Jest Snapshot v1, https://goo.gl/fbAQLP

exports[`format --config arg can be used for a custom config 1`] = `prettier-eslint --write **/*.+(js|json|less|css|ts|tsx|md) --config ./my-config.js`;

exports[`format --eslint-config-path arg can be used for a custom eslint config 1`] = `prettier-eslint --write **/*.+(js|json|less|css|ts|tsx|md) --eslint-config-path ./my-eslint-config.js`;

exports[`format --no-write prevents --write argument from being added 1`] = `prettier-eslint **/*.+(js|json|less|css|ts|tsx|md) --no-write`;

exports[`format calls prettier CLI with args 1`] = `prettier-eslint --write my-src/**/*.js`;
